// Jest Snapshot v1, https://goo.gl/fbAQLP

exports[`Header component renders snapshot checks out 1`] = `
Array [
  <div
    class="header-container"
    data-testid="header-container"
  >
    <div
      class="logo-title-container"
    >
      <img
        alt="logo"
        class="logo"
        data-testid="logo"
        src="logo.svg"
      />
      <div
        class="header-text"
      >
        Kulengaho
      </div>
    </div>
    <div
      class="sub-title"
    >
      Kulengaho
    </div>
  </div>,
]
`;
