// Jest Snapshot v1, https://goo.gl/fbAQLP

exports[`Dashboard tests renders dash container correctly 1`] = `
Array [
  <div
    data-testid="dashboard-container"
    id="dashboard-container"
  >
    <div
      class="header-container"
      data-testid="header-container"
    >
      <div
        class="logo-title-container"
      >
        <img
          alt="logo"
          class="logo"
          data-testid="logo"
          src="logo.svg"
        />
        <div
          class="header-text"
        >
          Kulengaho Dash
        </div>
      </div>
      <div
        class="sub-title"
      >
        Kulengaho
      </div>
    </div>
    <h1>
      Dash
    </h1>
  </div>,
]
`;
